// Jest Snapshot v1, https://goo.gl/fbAQLP

exports[`<Budget> should render component 1`] = `
<div>
  <ion-item
    color="tertiary"
    id="foodBudget"
    onClick={[Function]}
  >
    <ion-icon
      onClick={[Function]}
      src="data:image/svg+xml;utf8,<svg xmlns='http://www.w3.org/2000/svg' class='ionicon' viewBox='0 0 512 512'><title>Create</title><path d='M459.94 53.25a16.06 16.06 0 00-23.22-.56L424.35 65a8 8 0 000 11.31l11.34 11.32a8 8 0 0011.34 0l12.06-12c6.1-6.09 6.67-16.01.85-22.38zM399.34 90L218.82 270.2a9 9 0 00-2.31 3.93L208.16 299a3.91 3.91 0 004.86 4.86l24.85-8.35a9 9 0 003.93-2.31L422 112.66a9 9 0 000-12.66l-9.95-10a9 9 0 00-12.71 0z'/><path d='M386.34 193.66L264.45 315.79A41.08 41.08 0 01247.58 326l-25.9 8.67a35.92 35.92 0 01-44.33-44.33l8.67-25.9a41.08 41.08 0 0110.19-16.87l122.13-121.91a8 8 0 00-5.65-13.66H104a56 56 0 00-56 56v240a56 56 0 0056 56h240a56 56 0 0056-56V199.31a8 8 0 00-13.66-5.65z'/></svg>"
    />
    <ion-text>
      Food: R
      0.00
    </ion-text>
    <ion-progress-bar
      class="categoryProgressBar"
      id="foodBar"
      slot="end"
    />
    <br />
    <ion-fab
      edge={true}
      horizontal="end"
    >
      <svg
        aria-hidden={true}
        className="MuiSvgIcon-root MuiSvgIcon-fontSizeMedium css-i4bv87-MuiSvgIcon-root"
        data-testid="CalendarMonthIcon"
        focusable="false"
        viewBox="0 0 24 24"
      >
        <path
          d="M19 4h-1V2h-2v2H8V2H6v2H5c-1.11 0-1.99.9-1.99 2L3 20c0 1.1.89 2 2 2h14c1.1 0 2-.9 2-2V6c0-1.1-.9-2-2-2zm0 16H5V10h14v10zM9 14H7v-2h2v2zm4 0h-2v-2h2v2zm4 0h-2v-2h2v2zm-8 4H7v-2h2v2zm4 0h-2v-2h2v2zm4 0h-2v-2h2v2z"
        />
      </svg>
    </ion-fab>
  </ion-item>
  <ion-item
    color="tertiary"
    id="fashionBudget"
    onClick={[Function]}
  >
    <ion-icon
      onClick={[Function]}
      src="data:image/svg+xml;utf8,<svg xmlns='http://www.w3.org/2000/svg' class='ionicon' viewBox='0 0 512 512'><title>Create</title><path d='M459.94 53.25a16.06 16.06 0 00-23.22-.56L424.35 65a8 8 0 000 11.31l11.34 11.32a8 8 0 0011.34 0l12.06-12c6.1-6.09 6.67-16.01.85-22.38zM399.34 90L218.82 270.2a9 9 0 00-2.31 3.93L208.16 299a3.91 3.91 0 004.86 4.86l24.85-8.35a9 9 0 003.93-2.31L422 112.66a9 9 0 000-12.66l-9.95-10a9 9 0 00-12.71 0z'/><path d='M386.34 193.66L264.45 315.79A41.08 41.08 0 01247.58 326l-25.9 8.67a35.92 35.92 0 01-44.33-44.33l8.67-25.9a41.08 41.08 0 0110.19-16.87l122.13-121.91a8 8 0 00-5.65-13.66H104a56 56 0 00-56 56v240a56 56 0 0056 56h240a56 56 0 0056-56V199.31a8 8 0 00-13.66-5.65z'/></svg>"
    />
    <ion-text>
      Fashion: R
      0.00
    </ion-text>
    <ion-progress-bar
      class="categoryProgressBar"
      id="fashionBar"
      slot="end"
    />
    <br />
    <ion-fab
      edge={true}
      horizontal="end"
    >
      <svg
        aria-hidden={true}
        className="MuiSvgIcon-root MuiSvgIcon-fontSizeMedium css-i4bv87-MuiSvgIcon-root"
        data-testid="CalendarMonthIcon"
        focusable="false"
        viewBox="0 0 24 24"
      >
        <path
          d="M19 4h-1V2h-2v2H8V2H6v2H5c-1.11 0-1.99.9-1.99 2L3 20c0 1.1.89 2 2 2h14c1.1 0 2-.9 2-2V6c0-1.1-.9-2-2-2zm0 16H5V10h14v10zM9 14H7v-2h2v2zm4 0h-2v-2h2v2zm4 0h-2v-2h2v2zm-8 4H7v-2h2v2zm4 0h-2v-2h2v2zm4 0h-2v-2h2v2z"
        />
      </svg>
    </ion-fab>
  </ion-item>
  <ion-item
    color="tertiary"
    id="electronicsBudget"
    onClick={[Function]}
  >
    <ion-icon
      onClick={[Function]}
      src="data:image/svg+xml;utf8,<svg xmlns='http://www.w3.org/2000/svg' class='ionicon' viewBox='0 0 512 512'><title>Create</title><path d='M459.94 53.25a16.06 16.06 0 00-23.22-.56L424.35 65a8 8 0 000 11.31l11.34 11.32a8 8 0 0011.34 0l12.06-12c6.1-6.09 6.67-16.01.85-22.38zM399.34 90L218.82 270.2a9 9 0 00-2.31 3.93L208.16 299a3.91 3.91 0 004.86 4.86l24.85-8.35a9 9 0 003.93-2.31L422 112.66a9 9 0 000-12.66l-9.95-10a9 9 0 00-12.71 0z'/><path d='M386.34 193.66L264.45 315.79A41.08 41.08 0 01247.58 326l-25.9 8.67a35.92 35.92 0 01-44.33-44.33l8.67-25.9a41.08 41.08 0 0110.19-16.87l122.13-121.91a8 8 0 00-5.65-13.66H104a56 56 0 00-56 56v240a56 56 0 0056 56h240a56 56 0 0056-56V199.31a8 8 0 00-13.66-5.65z'/></svg>"
    />
    <ion-text>
      Electronics: R
      0.00
    </ion-text>
    <ion-progress-bar
      class="categoryProgressBar"
      id="elecBar"
      slot="end"
    />
    <br />
    <ion-fab
      edge={true}
      horizontal="end"
    >
      <svg
        aria-hidden={true}
        className="MuiSvgIcon-root MuiSvgIcon-fontSizeMedium css-i4bv87-MuiSvgIcon-root"
        data-testid="CalendarMonthIcon"
        focusable="false"
        viewBox="0 0 24 24"
      >
        <path
          d="M19 4h-1V2h-2v2H8V2H6v2H5c-1.11 0-1.99.9-1.99 2L3 20c0 1.1.89 2 2 2h14c1.1 0 2-.9 2-2V6c0-1.1-.9-2-2-2zm0 16H5V10h14v10zM9 14H7v-2h2v2zm4 0h-2v-2h2v2zm4 0h-2v-2h2v2zm-8 4H7v-2h2v2zm4 0h-2v-2h2v2zm4 0h-2v-2h2v2z"
        />
      </svg>
    </ion-fab>
  </ion-item>
  <ion-item
    color="tertiary"
    id="houseBudget"
    onClick={[Function]}
  >
    <ion-icon
      onClick={[Function]}
      src="data:image/svg+xml;utf8,<svg xmlns='http://www.w3.org/2000/svg' class='ionicon' viewBox='0 0 512 512'><title>Create</title><path d='M459.94 53.25a16.06 16.06 0 00-23.22-.56L424.35 65a8 8 0 000 11.31l11.34 11.32a8 8 0 0011.34 0l12.06-12c6.1-6.09 6.67-16.01.85-22.38zM399.34 90L218.82 270.2a9 9 0 00-2.31 3.93L208.16 299a3.91 3.91 0 004.86 4.86l24.85-8.35a9 9 0 003.93-2.31L422 112.66a9 9 0 000-12.66l-9.95-10a9 9 0 00-12.71 0z'/><path d='M386.34 193.66L264.45 315.79A41.08 41.08 0 01247.58 326l-25.9 8.67a35.92 35.92 0 01-44.33-44.33l8.67-25.9a41.08 41.08 0 0110.19-16.87l122.13-121.91a8 8 0 00-5.65-13.66H104a56 56 0 00-56 56v240a56 56 0 0056 56h240a56 56 0 0056-56V199.31a8 8 0 00-13.66-5.65z'/></svg>"
    />
    <ion-text>
      Household: R
      0.00
    </ion-text>
    <ion-progress-bar
      class="categoryProgressBar"
      id="houseBar"
      slot="end"
    />
    <br />
    <ion-fab
      edge={true}
      horizontal="end"
    >
      <svg
        aria-hidden={true}
        className="MuiSvgIcon-root MuiSvgIcon-fontSizeMedium css-i4bv87-MuiSvgIcon-root"
        data-testid="CalendarMonthIcon"
        focusable="false"
        viewBox="0 0 24 24"
      >
        <path
          d="M19 4h-1V2h-2v2H8V2H6v2H5c-1.11 0-1.99.9-1.99 2L3 20c0 1.1.89 2 2 2h14c1.1 0 2-.9 2-2V6c0-1.1-.9-2-2-2zm0 16H5V10h14v10zM9 14H7v-2h2v2zm4 0h-2v-2h2v2zm4 0h-2v-2h2v2zm-8 4H7v-2h2v2zm4 0h-2v-2h2v2zm4 0h-2v-2h2v2z"
        />
      </svg>
    </ion-fab>
  </ion-item>
  <ion-item
    color="tertiary"
    id="hobbyBudget"
    onClick={[Function]}
  >
    <ion-icon
      onClick={[Function]}
      src="data:image/svg+xml;utf8,<svg xmlns='http://www.w3.org/2000/svg' class='ionicon' viewBox='0 0 512 512'><title>Create</title><path d='M459.94 53.25a16.06 16.06 0 00-23.22-.56L424.35 65a8 8 0 000 11.31l11.34 11.32a8 8 0 0011.34 0l12.06-12c6.1-6.09 6.67-16.01.85-22.38zM399.34 90L218.82 270.2a9 9 0 00-2.31 3.93L208.16 299a3.91 3.91 0 004.86 4.86l24.85-8.35a9 9 0 003.93-2.31L422 112.66a9 9 0 000-12.66l-9.95-10a9 9 0 00-12.71 0z'/><path d='M386.34 193.66L264.45 315.79A41.08 41.08 0 01247.58 326l-25.9 8.67a35.92 35.92 0 01-44.33-44.33l8.67-25.9a41.08 41.08 0 0110.19-16.87l122.13-121.91a8 8 0 00-5.65-13.66H104a56 56 0 00-56 56v240a56 56 0 0056 56h240a56 56 0 0056-56V199.31a8 8 0 00-13.66-5.65z'/></svg>"
    />
    <ion-text>
      Hobby: R
      0.00
    </ion-text>
    <ion-progress-bar
      class="categoryProgressBar"
      id="hobbyBar"
      slot="end"
    />
    <br />
    <ion-fab
      edge={true}
      horizontal="end"
    >
      <svg
        aria-hidden={true}
        className="MuiSvgIcon-root MuiSvgIcon-fontSizeMedium css-i4bv87-MuiSvgIcon-root"
        data-testid="CalendarMonthIcon"
        focusable="false"
        viewBox="0 0 24 24"
      >
        <path
          d="M19 4h-1V2h-2v2H8V2H6v2H5c-1.11 0-1.99.9-1.99 2L3 20c0 1.1.89 2 2 2h14c1.1 0 2-.9 2-2V6c0-1.1-.9-2-2-2zm0 16H5V10h14v10zM9 14H7v-2h2v2zm4 0h-2v-2h2v2zm4 0h-2v-2h2v2zm-8 4H7v-2h2v2zm4 0h-2v-2h2v2zm4 0h-2v-2h2v2z"
        />
      </svg>
    </ion-fab>
  </ion-item>
  <ion-item
    color="tertiary"
    id="healthcareBudget"
    onClick={[Function]}
  >
    <ion-icon
      onClick={[Function]}
      src="data:image/svg+xml;utf8,<svg xmlns='http://www.w3.org/2000/svg' class='ionicon' viewBox='0 0 512 512'><title>Create</title><path d='M459.94 53.25a16.06 16.06 0 00-23.22-.56L424.35 65a8 8 0 000 11.31l11.34 11.32a8 8 0 0011.34 0l12.06-12c6.1-6.09 6.67-16.01.85-22.38zM399.34 90L218.82 270.2a9 9 0 00-2.31 3.93L208.16 299a3.91 3.91 0 004.86 4.86l24.85-8.35a9 9 0 003.93-2.31L422 112.66a9 9 0 000-12.66l-9.95-10a9 9 0 00-12.71 0z'/><path d='M386.34 193.66L264.45 315.79A41.08 41.08 0 01247.58 326l-25.9 8.67a35.92 35.92 0 01-44.33-44.33l8.67-25.9a41.08 41.08 0 0110.19-16.87l122.13-121.91a8 8 0 00-5.65-13.66H104a56 56 0 00-56 56v240a56 56 0 0056 56h240a56 56 0 0056-56V199.31a8 8 0 00-13.66-5.65z'/></svg>"
    />
    <ion-text>
      Healthcare: R
      0.00
    </ion-text>
    <ion-progress-bar
      class="categoryProgressBar"
      id="healthcareBar"
      slot="end"
    />
    <br />
    <ion-fab
      edge={true}
      horizontal="end"
    >
      <svg
        aria-hidden={true}
        className="MuiSvgIcon-root MuiSvgIcon-fontSizeMedium css-i4bv87-MuiSvgIcon-root"
        data-testid="CalendarMonthIcon"
        focusable="false"
        viewBox="0 0 24 24"
      >
        <path
          d="M19 4h-1V2h-2v2H8V2H6v2H5c-1.11 0-1.99.9-1.99 2L3 20c0 1.1.89 2 2 2h14c1.1 0 2-.9 2-2V6c0-1.1-.9-2-2-2zm0 16H5V10h14v10zM9 14H7v-2h2v2zm4 0h-2v-2h2v2zm4 0h-2v-2h2v2zm-8 4H7v-2h2v2zm4 0h-2v-2h2v2zm4 0h-2v-2h2v2z"
        />
      </svg>
    </ion-fab>
  </ion-item>
  <ion-item
    color="tertiary"
    id="vehicleBudget"
    onClick={[Function]}
  >
    <ion-icon
      onClick={[Function]}
      src="data:image/svg+xml;utf8,<svg xmlns='http://www.w3.org/2000/svg' class='ionicon' viewBox='0 0 512 512'><title>Create</title><path d='M459.94 53.25a16.06 16.06 0 00-23.22-.56L424.35 65a8 8 0 000 11.31l11.34 11.32a8 8 0 0011.34 0l12.06-12c6.1-6.09 6.67-16.01.85-22.38zM399.34 90L218.82 270.2a9 9 0 00-2.31 3.93L208.16 299a3.91 3.91 0 004.86 4.86l24.85-8.35a9 9 0 003.93-2.31L422 112.66a9 9 0 000-12.66l-9.95-10a9 9 0 00-12.71 0z'/><path d='M386.34 193.66L264.45 315.79A41.08 41.08 0 01247.58 326l-25.9 8.67a35.92 35.92 0 01-44.33-44.33l8.67-25.9a41.08 41.08 0 0110.19-16.87l122.13-121.91a8 8 0 00-5.65-13.66H104a56 56 0 00-56 56v240a56 56 0 0056 56h240a56 56 0 0056-56V199.31a8 8 0 00-13.66-5.65z'/></svg>"
    />
    <ion-text>
      Vehicle: R
      0.00
    </ion-text>
    <ion-progress-bar
      class="categoryProgressBar"
      id="vehicleBar"
      slot="end"
    />
    <br />
    <ion-fab
      edge={true}
      horizontal="end"
    >
      <svg
        aria-hidden={true}
        className="MuiSvgIcon-root MuiSvgIcon-fontSizeMedium css-i4bv87-MuiSvgIcon-root"
        data-testid="CalendarMonthIcon"
        focusable="false"
        viewBox="0 0 24 24"
      >
        <path
          d="M19 4h-1V2h-2v2H8V2H6v2H5c-1.11 0-1.99.9-1.99 2L3 20c0 1.1.89 2 2 2h14c1.1 0 2-.9 2-2V6c0-1.1-.9-2-2-2zm0 16H5V10h14v10zM9 14H7v-2h2v2zm4 0h-2v-2h2v2zm4 0h-2v-2h2v2zm-8 4H7v-2h2v2zm4 0h-2v-2h2v2zm4 0h-2v-2h2v2z"
        />
      </svg>
    </ion-fab>
  </ion-item>
  <ion-item
    color="tertiary"
    id="otherBudget"
    onClick={[Function]}
  >
    <ion-icon
      onClick={[Function]}
      src="data:image/svg+xml;utf8,<svg xmlns='http://www.w3.org/2000/svg' class='ionicon' viewBox='0 0 512 512'><title>Create</title><path d='M459.94 53.25a16.06 16.06 0 00-23.22-.56L424.35 65a8 8 0 000 11.31l11.34 11.32a8 8 0 0011.34 0l12.06-12c6.1-6.09 6.67-16.01.85-22.38zM399.34 90L218.82 270.2a9 9 0 00-2.31 3.93L208.16 299a3.91 3.91 0 004.86 4.86l24.85-8.35a9 9 0 003.93-2.31L422 112.66a9 9 0 000-12.66l-9.95-10a9 9 0 00-12.71 0z'/><path d='M386.34 193.66L264.45 315.79A41.08 41.08 0 01247.58 326l-25.9 8.67a35.92 35.92 0 01-44.33-44.33l8.67-25.9a41.08 41.08 0 0110.19-16.87l122.13-121.91a8 8 0 00-5.65-13.66H104a56 56 0 00-56 56v240a56 56 0 0056 56h240a56 56 0 0056-56V199.31a8 8 0 00-13.66-5.65z'/></svg>"
    />
    <ion-text>
      Other: R
      0.00
    </ion-text>
    <ion-progress-bar
      class="categoryProgressBar"
      id="otherBar"
      slot="end"
    />
    <br />
    <ion-fab
      edge={true}
      horizontal="end"
    >
      <svg
        aria-hidden={true}
        className="MuiSvgIcon-root MuiSvgIcon-fontSizeMedium css-i4bv87-MuiSvgIcon-root"
        data-testid="CalendarMonthIcon"
        focusable="false"
        viewBox="0 0 24 24"
      >
        <path
          d="M19 4h-1V2h-2v2H8V2H6v2H5c-1.11 0-1.99.9-1.99 2L3 20c0 1.1.89 2 2 2h14c1.1 0 2-.9 2-2V6c0-1.1-.9-2-2-2zm0 16H5V10h14v10zM9 14H7v-2h2v2zm4 0h-2v-2h2v2zm4 0h-2v-2h2v2zm-8 4H7v-2h2v2zm4 0h-2v-2h2v2zm4 0h-2v-2h2v2z"
        />
      </svg>
    </ion-fab>
  </ion-item>
</div>
`;
