// Jest Snapshot v1, https://goo.gl/fbAQLP

exports[`Should render Graph component should render component with props 1`] = `null`;
