// Jest Snapshot v1, https://goo.gl/fbAQLP

exports[`<ProfileBarGraph> should render component with props 1`] = `
<canvas
  className="graph"
  height={250}
  role="img"
  width={300}
/>
`;
